C:\Program Files\Microsoft Visual Studio\2022\Community\VC\Tools\MSVC\14.40.33807\include\vector(1890) : Assertion failed: vector subscript out of range

--------------------------------------------------
TXLib соболезнует...

Программа: D:\My files\Проект\Final project\x64\Debug\Final project.exe,

ВНЕЗАПНО: signal (22, 0x37): SIGABRT: Аварийное завершение программы, вызвана функция abort(). 

С помощью функции signal() вы можете сами обработать эту ошибку.

#2: TXLib [Ver: 00173a, Rev: 171, Date: 2021-10-03 23:49:44 +0400], Instance: 0x00007FF743AA1868 (64-bit), Flags: CMdRe0, Thread: 0x104C (Main). 

--------------------------------------------------
Стек вызовов:

# 0 0x00007FF743A3E11D in D:\My files\Проект\Final project\x64\Debug\Final project.exe: `anonymous namespace'::TX::_txError() at C:\Program Files\Microsoft Visual Studio\2022\Community\VC\Tools\MSVC\14.40.33807\include\TXLib.h (10946)
# 1 0x00007FF743A4B0CC in D:\My files\Проект\Final project\x64\Debug\Final project.exe: `anonymous namespace'::TX::_txOnSignal() at C:\Program Files\Microsoft Visual Studio\2022\Community\VC\Tools\MSVC\14.40.33807\include\TXLib.h (11027)
# 2 0x00007FFCC4A290ED in C:\Windows\SYSTEM32\ucrtbased.dll: raise()
# 3 0x00007FFCC4A240BF in C:\Windows\SYSTEM32\ucrtbased.dll: setmbcp()
# 4 0x00007FFCC4A256D3 in C:\Windows\SYSTEM32\ucrtbased.dll: CrtSetReportHookW2()
# 5 0x00007FFCC4A265A9 in C:\Windows\SYSTEM32\ucrtbased.dll: VCrtDbgReportA()
# 6 0x00007FFCC4A25590 in C:\Windows\SYSTEM32\ucrtbased.dll: CrtDbgReport()

# 7 0x00007FF743A081D5 in D:\My files\Проект\Final project\x64\Debug\Final project.exe: std::vector<int,std::allocator<int> >::operator[]() at C:\Program Files\Microsoft Visual Studio\2022\Community\VC\Tools\MSVC\14.40.33807\include\vector (1889):

   1887:         auto& _My_data = _Mypair._Myval2;
   1888: #if _CONTAINER_DEBUG_LEVEL > 0
=> 1889:         _STL_VERIFY(
   1890:             _Pos < static_cast<size_type>(_My_data._Mylast - _My_data._Myfirst), "vector subscript out of range");
   1891: #endif // _CONTAINER_DEBUG_LEVEL > 0

# 8 0x00007FF743A08926 in D:\My files\Проект\Final project\x64\Debug\Final project.exe: Collision() at D:\My files\Проект\Final project\Final project.cpp (546):

    544:                 if (ppsub % 2 == 1) {
    545:                     ppmass++;
=>  546:                     ppximpulse += xspeed[ppcount];
    547:                     ppyimpulse += yspeed[ppcount];
    548:                 }

# 9 0x00007FF743A6F677 in D:\My files\Проект\Final project\x64\Debug\Final project.exe: main() at D:\My files\Проект\Final project\Final project.cpp (688):

    686:         Drawing(xsize, ysize, xk, yk, cell, r, p, lines, masscnt, msum);
    687:         Move(xk, yk, p, pp);
=>  688:         Collision(xk, yk, p, pp, xspeed, yspeed, abscollision);
    689:         Rebound(xk, yk, p, pp,  borders, k);
    690:         if (borders) Stuck(xk, yk, p, pp);

--------------------------------------------------
Developed with:

The Dumb Artist Library (TX Library)
TXLib [Ver: 00173a, Rev: 171, Date: 2021-10-03 23:49:44 +0400]
Copyright (C) Ded (Ilya Dedinsky, http://txlib.ru) <mail@txlib.ru>
See license on: http://txlib.ru

TXLib file:	C:\Program Files\Microsoft Visual Studio\2022\Community\VC\Tools\MSVC\14.40.33807\include\TXLib.h
Compiled:	Jan 14 2025 20:43:57, MSVS 1940, std=199711L, MSVC Runtime, 64-bit, DEBUG
Started:	Jan 14 2025 20:43:59

Run file:	D:\My files\Проект\Final project\x64\Debug\Final project.exe
Directory:	D:\My files\Проект\Final project

--------------------------------------------------
C:\Program Files\Microsoft Visual Studio\2022\Community\VC\Tools\MSVC\14.40.33807\include\vector(1890) : Assertion failed: vector subscript out of range

--------------------------------------------------
TXLib соболезнует...

Программа: D:\My files\Проект\Final project\x64\Debug\Final project.exe,

ВНЕЗАПНО: signal (22, 0x18): SIGABRT: Аварийное завершение программы, вызвана функция abort(). 

С помощью функции signal() вы можете сами обработать эту ошибку.

#2: TXLib [Ver: 00173a, Rev: 171, Date: 2021-10-03 23:49:44 +0400], Instance: 0x00007FF743AA1868 (64-bit), Flags: CMdRe0, Thread: 0x1E0C (Main). 

--------------------------------------------------
Стек вызовов:

# 0 0x00007FF743A3E11D in D:\My files\Проект\Final project\x64\Debug\Final project.exe: `anonymous namespace'::TX::_txError() at C:\Program Files\Microsoft Visual Studio\2022\Community\VC\Tools\MSVC\14.40.33807\include\TXLib.h (10946)
# 1 0x00007FF743A4B0CC in D:\My files\Проект\Final project\x64\Debug\Final project.exe: `anonymous namespace'::TX::_txOnSignal() at C:\Program Files\Microsoft Visual Studio\2022\Community\VC\Tools\MSVC\14.40.33807\include\TXLib.h (11027)
# 2 0x00007FFCC4A290ED in C:\Windows\SYSTEM32\ucrtbased.dll: raise()
# 3 0x00007FFCC4A240BF in C:\Windows\SYSTEM32\ucrtbased.dll: setmbcp()
# 4 0x00007FFCC4A256D3 in C:\Windows\SYSTEM32\ucrtbased.dll: CrtSetReportHookW2()
# 5 0x00007FFCC4A265A9 in C:\Windows\SYSTEM32\ucrtbased.dll: VCrtDbgReportA()
# 6 0x00007FFCC4A25590 in C:\Windows\SYSTEM32\ucrtbased.dll: CrtDbgReport()

# 7 0x00007FF743A081D5 in D:\My files\Проект\Final project\x64\Debug\Final project.exe: std::vector<int,std::allocator<int> >::operator[]() at C:\Program Files\Microsoft Visual Studio\2022\Community\VC\Tools\MSVC\14.40.33807\include\vector (1889):

   1887:         auto& _My_data = _Mypair._Myval2;
   1888: #if _CONTAINER_DEBUG_LEVEL > 0
=> 1889:         _STL_VERIFY(
   1890:             _Pos < static_cast<size_type>(_My_data._Mylast - _My_data._Myfirst), "vector subscript out of range");
   1891: #endif // _CONTAINER_DEBUG_LEVEL > 0

# 8 0x00007FF743A08926 in D:\My files\Проект\Final project\x64\Debug\Final project.exe: Collision() at D:\My files\Проект\Final project\Final project.cpp (546):

    544:                 if (ppsub % 2 == 1) {
    545:                     ppmass++;
=>  546:                     ppximpulse += xspeed[ppcount];
    547:                     ppyimpulse += yspeed[ppcount];
    548:                 }

# 9 0x00007FF743A6F677 in D:\My files\Проект\Final project\x64\Debug\Final project.exe: main() at D:\My files\Проект\Final project\Final project.cpp (688):

    686:         Drawing(xsize, ysize, xk, yk, cell, r, p, lines, masscnt, msum);
    687:         Move(xk, yk, p, pp);
=>  688:         Collision(xk, yk, p, pp, xspeed, yspeed, abscollision);
    689:         Rebound(xk, yk, p, pp,  borders, k);
    690:         if (borders) Stuck(xk, yk, p, pp);

--------------------------------------------------
Developed with:

The Dumb Artist Library (TX Library)
TXLib [Ver: 00173a, Rev: 171, Date: 2021-10-03 23:49:44 +0400]
Copyright (C) Ded (Ilya Dedinsky, http://txlib.ru) <mail@txlib.ru>
See license on: http://txlib.ru

TXLib file:	C:\Program Files\Microsoft Visual Studio\2022\Community\VC\Tools\MSVC\14.40.33807\include\TXLib.h
Compiled:	Jan 14 2025 20:43:57, MSVS 1940, std=199711L, MSVC Runtime, 64-bit, DEBUG
Started:	Jan 14 2025 20:44:45

Run file:	D:\My files\Проект\Final project\x64\Debug\Final project.exe
Directory:	D:\My files\Проект\Final project

--------------------------------------------------
C:\Program Files\Microsoft Visual Studio\2022\Community\VC\Tools\MSVC\14.40.33807\include\vector(1890) : Assertion failed: vector subscript out of range

--------------------------------------------------
TXLib соболезнует...

Программа: D:\My files\Проект\Final project\x64\Debug\Final project.exe,

ВНЕЗАПНО: signal (22, 0x0C): SIGABRT: Аварийное завершение программы, вызвана функция abort(). 

С помощью функции signal() вы можете сами обработать эту ошибку.

#2: TXLib [Ver: 00173a, Rev: 171, Date: 2021-10-03 23:49:44 +0400], Instance: 0x00007FF761C81868 (64-bit), Flags: CMdRe0, Thread: 0x55A0 (Main). 

--------------------------------------------------
Стек вызовов:

# 0 0x00007FF761C1E11D in D:\My files\Проект\Final project\x64\Debug\Final project.exe: `anonymous namespace'::TX::_txError() at C:\Program Files\Microsoft Visual Studio\2022\Community\VC\Tools\MSVC\14.40.33807\include\TXLib.h (10946)
# 1 0x00007FF761C2B0CC in D:\My files\Проект\Final project\x64\Debug\Final project.exe: `anonymous namespace'::TX::_txOnSignal() at C:\Program Files\Microsoft Visual Studio\2022\Community\VC\Tools\MSVC\14.40.33807\include\TXLib.h (11027)
# 2 0x00007FFCC65B90ED in C:\Windows\SYSTEM32\ucrtbased.dll: raise()
# 3 0x00007FFCC65B40BF in C:\Windows\SYSTEM32\ucrtbased.dll: setmbcp()
# 4 0x00007FFCC65B56D3 in C:\Windows\SYSTEM32\ucrtbased.dll: CrtSetReportHookW2()
# 5 0x00007FFCC65B65A9 in C:\Windows\SYSTEM32\ucrtbased.dll: VCrtDbgReportA()
# 6 0x00007FFCC65B5590 in C:\Windows\SYSTEM32\ucrtbased.dll: CrtDbgReport()

# 7 0x00007FF761BE81D5 in D:\My files\Проект\Final project\x64\Debug\Final project.exe: std::vector<int,std::allocator<int> >::operator[]() at C:\Program Files\Microsoft Visual Studio\2022\Community\VC\Tools\MSVC\14.40.33807\include\vector (1889):

   1887:         auto& _My_data = _Mypair._Myval2;
   1888: #if _CONTAINER_DEBUG_LEVEL > 0
=> 1889:         _STL_VERIFY(
   1890:             _Pos < static_cast<size_type>(_My_data._Mylast - _My_data._Myfirst), "vector subscript out of range");
   1891: #endif // _CONTAINER_DEBUG_LEVEL > 0

# 8 0x00007FF761BE8926 in D:\My files\Проект\Final project\x64\Debug\Final project.exe: Collision() at D:\My files\Проект\Final project\Final project.cpp (546):

    544:                 if (ppsub % 2 == 1) {
    545:                     ppmass++;
=>  546:                     ppximpulse += xspeed[ppcount];
    547:                     ppyimpulse += yspeed[ppcount];
    548:                 }

# 9 0x00007FF761C4F677 in D:\My files\Проект\Final project\x64\Debug\Final project.exe: main() at D:\My files\Проект\Final project\Final project.cpp (688):

    686:         Drawing(xsize, ysize, xk, yk, cell, r, p, lines, masscnt, msum);
    687:         Move(xk, yk, p, pp);
=>  688:         Collision(xk, yk, p, pp, xspeed, yspeed, abscollision);
    689:         Rebound(xk, yk, p, pp,  borders, k);
    690:         if (borders) Stuck(xk, yk, p, pp);

--------------------------------------------------
Developed with:

The Dumb Artist Library (TX Library)
TXLib [Ver: 00173a, Rev: 171, Date: 2021-10-03 23:49:44 +0400]
Copyright (C) Ded (Ilya Dedinsky, http://txlib.ru) <mail@txlib.ru>
See license on: http://txlib.ru

TXLib file:	C:\Program Files\Microsoft Visual Studio\2022\Community\VC\Tools\MSVC\14.40.33807\include\TXLib.h
Compiled:	Jan 14 2025 20:45:52, MSVS 1940, std=199711L, MSVC Runtime, 64-bit, DEBUG
Started:	Jan 14 2025 20:45:54

Run file:	D:\My files\Проект\Final project\x64\Debug\Final project.exe
Directory:	D:\My files\Проект\Final project

--------------------------------------------------
C:\Program Files\Microsoft Visual Studio\2022\Community\VC\Tools\MSVC\14.40.33807\include\vector(1890) : Assertion failed: vector subscript out of range

--------------------------------------------------
TXLib соболезнует...

Программа: D:\My files\Проект\Final project\x64\Debug\Final project.exe,

ВНЕЗАПНО: signal (22, 0x0E): SIGABRT: Аварийное завершение программы, вызвана функция abort(). 

С помощью функции signal() вы можете сами обработать эту ошибку.

#2: TXLib [Ver: 00173a, Rev: 171, Date: 2021-10-03 23:49:44 +0400], Instance: 0x00007FF761C81868 (64-bit), Flags: CMdRe0, Thread: 0x2FEC (Main). 

--------------------------------------------------
Стек вызовов:

# 0 0x00007FF761C1E11D in D:\My files\Проект\Final project\x64\Debug\Final project.exe: `anonymous namespace'::TX::_txError() at C:\Program Files\Microsoft Visual Studio\2022\Community\VC\Tools\MSVC\14.40.33807\include\TXLib.h (10946)
# 1 0x00007FF761C2B0CC in D:\My files\Проект\Final project\x64\Debug\Final project.exe: `anonymous namespace'::TX::_txOnSignal() at C:\Program Files\Microsoft Visual Studio\2022\Community\VC\Tools\MSVC\14.40.33807\include\TXLib.h (11027)
# 2 0x00007FFCC65B90ED in C:\Windows\SYSTEM32\ucrtbased.dll: raise()
# 3 0x00007FFCC65B40BF in C:\Windows\SYSTEM32\ucrtbased.dll: setmbcp()
# 4 0x00007FFCC65B56D3 in C:\Windows\SYSTEM32\ucrtbased.dll: CrtSetReportHookW2()
# 5 0x00007FFCC65B65A9 in C:\Windows\SYSTEM32\ucrtbased.dll: VCrtDbgReportA()
# 6 0x00007FFCC65B5590 in C:\Windows\SYSTEM32\ucrtbased.dll: CrtDbgReport()

# 7 0x00007FF761BE81D5 in D:\My files\Проект\Final project\x64\Debug\Final project.exe: std::vector<int,std::allocator<int> >::operator[]() at C:\Program Files\Microsoft Visual Studio\2022\Community\VC\Tools\MSVC\14.40.33807\include\vector (1889):

   1887:         auto& _My_data = _Mypair._Myval2;
   1888: #if _CONTAINER_DEBUG_LEVEL > 0
=> 1889:         _STL_VERIFY(
   1890:             _Pos < static_cast<size_type>(_My_data._Mylast - _My_data._Myfirst), "vector subscript out of range");
   1891: #endif // _CONTAINER_DEBUG_LEVEL > 0

# 8 0x00007FF761BE8926 in D:\My files\Проект\Final project\x64\Debug\Final project.exe: Collision() at D:\My files\Проект\Final project\Final project.cpp (546):

    544:                 if (ppsub % 2 == 1) {
    545:                     ppmass++;
=>  546:                     ppximpulse += xspeed[ppcount];
    547:                     ppyimpulse += yspeed[ppcount];
    548:                 }

# 9 0x00007FF761C4F677 in D:\My files\Проект\Final project\x64\Debug\Final project.exe: main() at D:\My files\Проект\Final project\Final project.cpp (688):

    686:         Drawing(xsize, ysize, xk, yk, cell, r, p, lines, masscnt, msum);
    687:         Move(xk, yk, p, pp);
=>  688:         Collision(xk, yk, p, pp, xspeed, yspeed, abscollision);
    689:         Rebound(xk, yk, p, pp,  borders, k);
    690:         if (borders) Stuck(xk, yk, p, pp);

--------------------------------------------------
Developed with:

The Dumb Artist Library (TX Library)
TXLib [Ver: 00173a, Rev: 171, Date: 2021-10-03 23:49:44 +0400]
Copyright (C) Ded (Ilya Dedinsky, http://txlib.ru) <mail@txlib.ru>
See license on: http://txlib.ru

TXLib file:	C:\Program Files\Microsoft Visual Studio\2022\Community\VC\Tools\MSVC\14.40.33807\include\TXLib.h
Compiled:	Jan 14 2025 20:45:52, MSVS 1940, std=199711L, MSVC Runtime, 64-bit, DEBUG
Started:	Jan 14 2025 20:46:02

Run file:	D:\My files\Проект\Final project\x64\Debug\Final project.exe
Directory:	D:\My files\Проект\Final project

--------------------------------------------------
C:\Program Files\Microsoft Visual Studio\2022\Community\VC\Tools\MSVC\14.40.33807\include\vector(1890) : Assertion failed: vector subscript out of range

--------------------------------------------------
TXLib соболезнует...

Программа: D:\My files\Проект\Final project\x64\Debug\Final project.exe,

ВНЕЗАПНО: signal (22, 0x13): SIGABRT: Аварийное завершение программы, вызвана функция abort(). 

С помощью функции signal() вы можете сами обработать эту ошибку.

#2: TXLib [Ver: 00173a, Rev: 171, Date: 2021-10-03 23:49:44 +0400], Instance: 0x00007FF721711868 (64-bit), Flags: CMdRe0, Thread: 0x283C (Main). 

--------------------------------------------------
Стек вызовов:

# 0 0x00007FF7216AE11D in D:\My files\Проект\Final project\x64\Debug\Final project.exe: `anonymous namespace'::TX::_txError() at C:\Program Files\Microsoft Visual Studio\2022\Community\VC\Tools\MSVC\14.40.33807\include\TXLib.h (10946)
# 1 0x00007FF7216BB0CC in D:\My files\Проект\Final project\x64\Debug\Final project.exe: `anonymous namespace'::TX::_txOnSignal() at C:\Program Files\Microsoft Visual Studio\2022\Community\VC\Tools\MSVC\14.40.33807\include\TXLib.h (11027)
# 2 0x00007FFCC69190ED in C:\Windows\SYSTEM32\ucrtbased.dll: raise()
# 3 0x00007FFCC69140BF in C:\Windows\SYSTEM32\ucrtbased.dll: setmbcp()
# 4 0x00007FFCC69156D3 in C:\Windows\SYSTEM32\ucrtbased.dll: CrtSetReportHookW2()
# 5 0x00007FFCC69165A9 in C:\Windows\SYSTEM32\ucrtbased.dll: VCrtDbgReportA()
# 6 0x00007FFCC6915590 in C:\Windows\SYSTEM32\ucrtbased.dll: CrtDbgReport()

# 7 0x00007FF7216781D5 in D:\My files\Проект\Final project\x64\Debug\Final project.exe: std::vector<int,std::allocator<int> >::operator[]() at C:\Program Files\Microsoft Visual Studio\2022\Community\VC\Tools\MSVC\14.40.33807\include\vector (1889):

   1887:         auto& _My_data = _Mypair._Myval2;
   1888: #if _CONTAINER_DEBUG_LEVEL > 0
=> 1889:         _STL_VERIFY(
   1890:             _Pos < static_cast<size_type>(_My_data._Mylast - _My_data._Myfirst), "vector subscript out of range");
   1891: #endif // _CONTAINER_DEBUG_LEVEL > 0

# 8 0x00007FF721678926 in D:\My files\Проект\Final project\x64\Debug\Final project.exe: Collision() at D:\My files\Проект\Final project\Final project.cpp (546):

    544:                 if (ppsub % 2 == 1) {
    545:                     ppmass++;
=>  546:                     ppximpulse += xspeed[ppcount];
    547:                     ppyimpulse += yspeed[ppcount];
    548:                 }

# 9 0x00007FF7216DF6D5 in D:\My files\Проект\Final project\x64\Debug\Final project.exe: main() at D:\My files\Проект\Final project\Final project.cpp (688):

    686:         Drawing(xsize, ysize, xk, yk, cell, r, p, lines, masscnt, msum);
    687:         Move(xk, yk, p, pp);
=>  688:         Collision(xk, yk, p, pp, xspeed, yspeed, abscollision);
    689:         Rebound(xk, yk, p, pp,  borders, k);
    690:         if (borders) Stuck(xk, yk, p, pp);

--------------------------------------------------
Developed with:

The Dumb Artist Library (TX Library)
TXLib [Ver: 00173a, Rev: 171, Date: 2021-10-03 23:49:44 +0400]
Copyright (C) Ded (Ilya Dedinsky, http://txlib.ru) <mail@txlib.ru>
See license on: http://txlib.ru

TXLib file:	C:\Program Files\Microsoft Visual Studio\2022\Community\VC\Tools\MSVC\14.40.33807\include\TXLib.h
Compiled:	Jan 14 2025 20:48:19, MSVS 1940, std=199711L, MSVC Runtime, 64-bit, DEBUG
Started:	Jan 14 2025 20:48:20

Run file:	D:\My files\Проект\Final project\x64\Debug\Final project.exe
Directory:	D:\My files\Проект\Final project

--------------------------------------------------
C:\Program Files\Microsoft Visual Studio\2022\Community\VC\Tools\MSVC\14.40.33807\include\vector(1890) : Assertion failed: vector subscript out of range

--------------------------------------------------
TXLib соболезнует...

Программа: D:\My files\Проект\Final project\x64\Debug\Final project.exe,

ВНЕЗАПНО: signal (22, 0x1E): SIGABRT: Аварийное завершение программы, вызвана функция abort(). 

С помощью функции signal() вы можете сами обработать эту ошибку.

#2: TXLib [Ver: 00173a, Rev: 171, Date: 2021-10-03 23:49:44 +0400], Instance: 0x00007FF6214167C8 (64-bit), Flags: Cmdre0, Thread: 0x3354 (Main). 

--------------------------------------------------
Стек вызовов:

# 0 0x00007FF6213BA0CD in D:\My files\Проект\Final project\x64\Debug\Final project.exe: `anonymous namespace'::TX::_txError() at C:\Program Files\Microsoft Visual Studio\2022\Community\VC\Tools\MSVC\14.40.33807\include\TXLib.h (10946)
# 1 0x00007FF6213C707C in D:\My files\Проект\Final project\x64\Debug\Final project.exe: `anonymous namespace'::TX::_txOnSignal() at C:\Program Files\Microsoft Visual Studio\2022\Community\VC\Tools\MSVC\14.40.33807\include\TXLib.h (11027)
# 2 0x00007FFCC69190ED in C:\Windows\SYSTEM32\ucrtbased.dll: raise()
# 3 0x00007FFCC69140BF in C:\Windows\SYSTEM32\ucrtbased.dll: setmbcp()
# 4 0x00007FFCC69156D3 in C:\Windows\SYSTEM32\ucrtbased.dll: CrtSetReportHookW2()
# 5 0x00007FFCC69165A9 in C:\Windows\SYSTEM32\ucrtbased.dll: VCrtDbgReportA()
# 6 0x00007FFCC6915590 in C:\Windows\SYSTEM32\ucrtbased.dll: CrtDbgReport()

# 7 0x00007FF621390535 in D:\My files\Проект\Final project\x64\Debug\Final project.exe: std::vector<int,std::allocator<int> >::operator[]() at C:\Program Files\Microsoft Visual Studio\2022\Community\VC\Tools\MSVC\14.40.33807\include\vector (1889):

   1887:         auto& _My_data = _Mypair._Myval2;
   1888: #if _CONTAINER_DEBUG_LEVEL > 0
=> 1889:         _STL_VERIFY(
   1890:             _Pos < static_cast<size_type>(_My_data._Mylast - _My_data._Myfirst), "vector subscript out of range");
   1891: #endif // _CONTAINER_DEBUG_LEVEL > 0

# 8 0x00007FF621390CF4 in D:\My files\Проект\Final project\x64\Debug\Final project.exe: Collision() at D:\My files\Проект\Final project\Final project.cpp (547):

    545:                 if (ppsub % 2 == 1) {
    546:                     ppmass++;
=>  547:                     ppximpulse += xspeed[ppcount];
    548:                     ppyimpulse += yspeed[ppcount];
    549:                 }

# 9 0x00007FF6213E7FE7 in D:\My files\Проект\Final project\x64\Debug\Final project.exe: main() at D:\My files\Проект\Final project\Final project.cpp (689):

    687:         //Drawing(xsize, ysize, xk, yk, cell, r, p, lines, masscnt, msum);
    688:         Move(xk, yk, p, pp);
=>  689:         Collision(xk, yk, p, pp, xspeed, yspeed, abscollision);
    690:         Rebound(xk, yk, p, pp,  borders, k);
    691:         if (borders) Stuck(xk, yk, p, pp);

--------------------------------------------------
Developed with:

The Dumb Artist Library (TX Library)
TXLib [Ver: 00173a, Rev: 171, Date: 2021-10-03 23:49:44 +0400]
Copyright (C) Ded (Ilya Dedinsky, http://txlib.ru) <mail@txlib.ru>
See license on: http://txlib.ru

TXLib file:	C:\Program Files\Microsoft Visual Studio\2022\Community\VC\Tools\MSVC\14.40.33807\include\TXLib.h
Compiled:	Jan 14 2025 20:49:28, MSVS 1940, std=199711L, MSVC Runtime, 64-bit, DEBUG
Started:	Jan 14 2025 20:49:34

Run file:	D:\My files\Проект\Final project\x64\Debug\Final project.exe
Directory:	D:\My files\Проект\Final project

--------------------------------------------------
C:\Program Files\Microsoft Visual Studio\2022\Community\VC\Tools\MSVC\14.40.33807\include\vector(1890) : Assertion failed: vector subscript out of range

--------------------------------------------------
TXLib соболезнует...

Программа: D:\My files\Проект\Final project\x64\Debug\Final project.exe,

ВНЕЗАПНО: signal (22, 0x16): SIGABRT: Аварийное завершение программы, вызвана функция abort(). 

С помощью функции signal() вы можете сами обработать эту ошибку.

#2: TXLib [Ver: 00173a, Rev: 171, Date: 2021-10-03 23:49:44 +0400], Instance: 0x00007FF7A4A467C8 (64-bit), Flags: Cmdre0, Thread: 0x43DC (Main). 

--------------------------------------------------
Стек вызовов:

# 0 0x00007FF7A49EA0CD in D:\My files\Проект\Final project\x64\Debug\Final project.exe: `anonymous namespace'::TX::_txError() at C:\Program Files\Microsoft Visual Studio\2022\Community\VC\Tools\MSVC\14.40.33807\include\TXLib.h (10946)
# 1 0x00007FF7A49F707C in D:\My files\Проект\Final project\x64\Debug\Final project.exe: `anonymous namespace'::TX::_txOnSignal() at C:\Program Files\Microsoft Visual Studio\2022\Community\VC\Tools\MSVC\14.40.33807\include\TXLib.h (11027)
# 2 0x00007FFCC69190ED in C:\Windows\SYSTEM32\ucrtbased.dll: raise()
# 3 0x00007FFCC69140BF in C:\Windows\SYSTEM32\ucrtbased.dll: setmbcp()
# 4 0x00007FFCC69156D3 in C:\Windows\SYSTEM32\ucrtbased.dll: CrtSetReportHookW2()
# 5 0x00007FFCC69165A9 in C:\Windows\SYSTEM32\ucrtbased.dll: VCrtDbgReportA()
# 6 0x00007FFCC6915590 in C:\Windows\SYSTEM32\ucrtbased.dll: CrtDbgReport()

# 7 0x00007FF7A49C0535 in D:\My files\Проект\Final project\x64\Debug\Final project.exe: std::vector<int,std::allocator<int> >::operator[]() at C:\Program Files\Microsoft Visual Studio\2022\Community\VC\Tools\MSVC\14.40.33807\include\vector (1889):

   1887:         auto& _My_data = _Mypair._Myval2;
   1888: #if _CONTAINER_DEBUG_LEVEL > 0
=> 1889:         _STL_VERIFY(
   1890:             _Pos < static_cast<size_type>(_My_data._Mylast - _My_data._Myfirst), "vector subscript out of range");
   1891: #endif // _CONTAINER_DEBUG_LEVEL > 0

# 8 0x00007FF7A49C0CFD in D:\My files\Проект\Final project\x64\Debug\Final project.exe: Collision() at D:\My files\Проект\Final project\Final project.cpp (547):

    545:                     ppmass++;
    546:                     if (ppcount > 7) cout << ppcount << '\n';
=>  547:                     ppximpulse += xspeed[ppcount];
    548:                     ppyimpulse += yspeed[ppcount];
    549:                 }

# 9 0x00007FF7A4A17FE7 in D:\My files\Проект\Final project\x64\Debug\Final project.exe: main() at D:\My files\Проект\Final project\Final project.cpp (689):

    687:         //Drawing(xsize, ysize, xk, yk, cell, r, p, lines, masscnt, msum);
    688:         Move(xk, yk, p, pp);
=>  689:         Collision(xk, yk, p, pp, xspeed, yspeed, abscollision);
    690:         Rebound(xk, yk, p, pp,  borders, k);
    691:         if (borders) Stuck(xk, yk, p, pp);

--------------------------------------------------
Developed with:

The Dumb Artist Library (TX Library)
TXLib [Ver: 00173a, Rev: 171, Date: 2021-10-03 23:49:44 +0400]
Copyright (C) Ded (Ilya Dedinsky, http://txlib.ru) <mail@txlib.ru>
See license on: http://txlib.ru

TXLib file:	C:\Program Files\Microsoft Visual Studio\2022\Community\VC\Tools\MSVC\14.40.33807\include\TXLib.h
Compiled:	Jan 14 2025 20:50:35, MSVS 1940, std=199711L, MSVC Runtime, 64-bit, DEBUG
Started:	Jan 14 2025 20:50:37

Run file:	D:\My files\Проект\Final project\x64\Debug\Final project.exe
Directory:	D:\My files\Проект\Final project

--------------------------------------------------
C:\Program Files\Microsoft Visual Studio\2022\Community\VC\Tools\MSVC\14.40.33807\include\vector(1890) : Assertion failed: vector subscript out of range

--------------------------------------------------
TXLib соболезнует...

Программа: D:\My files\Проект\Final project\x64\Debug\Final project.exe,

ВНЕЗАПНО: signal (22, 0x3C): SIGABRT: Аварийное завершение программы, вызвана функция abort(). 

С помощью функции signal() вы можете сами обработать эту ошибку.

#2: TXLib [Ver: 00173a, Rev: 171, Date: 2021-10-03 23:49:44 +0400], Instance: 0x00007FF6A9BF77C8 (64-bit), Flags: Cmdre0, Thread: 0x2DC8 (Main). 

--------------------------------------------------
Стек вызовов:

# 0 0x00007FF6A9B9A66D in D:\My files\Проект\Final project\x64\Debug\Final project.exe: `anonymous namespace'::TX::_txError() at C:\Program Files\Microsoft Visual Studio\2022\Community\VC\Tools\MSVC\14.40.33807\include\TXLib.h (10946)
# 1 0x00007FF6A9BA761C in D:\My files\Проект\Final project\x64\Debug\Final project.exe: `anonymous namespace'::TX::_txOnSignal() at C:\Program Files\Microsoft Visual Studio\2022\Community\VC\Tools\MSVC\14.40.33807\include\TXLib.h (11027)
# 2 0x00007FFCC61F90ED in C:\Windows\SYSTEM32\ucrtbased.dll: raise()
# 3 0x00007FFCC61F40BF in C:\Windows\SYSTEM32\ucrtbased.dll: setmbcp()
# 4 0x00007FFCC61F56D3 in C:\Windows\SYSTEM32\ucrtbased.dll: CrtSetReportHookW2()
# 5 0x00007FFCC61F65A9 in C:\Windows\SYSTEM32\ucrtbased.dll: VCrtDbgReportA()
# 6 0x00007FFCC61F5590 in C:\Windows\SYSTEM32\ucrtbased.dll: CrtDbgReport()

# 7 0x00007FF6A9B70A05 in D:\My files\Проект\Final project\x64\Debug\Final project.exe: std::vector<int,std::allocator<int> >::operator[]() at C:\Program Files\Microsoft Visual Studio\2022\Community\VC\Tools\MSVC\14.40.33807\include\vector (1889):

   1887:         auto& _My_data = _Mypair._Myval2;
   1888: #if _CONTAINER_DEBUG_LEVEL > 0
=> 1889:         _STL_VERIFY(
   1890:             _Pos < static_cast<size_type>(_My_data._Mylast - _My_data._Myfirst), "vector subscript out of range");
   1891: #endif // _CONTAINER_DEBUG_LEVEL > 0

# 8 0x00007FF6A9B71260 in D:\My files\Проект\Final project\x64\Debug\Final project.exe: Collision() at D:\My files\Проект\Final project\Final project.cpp (547):

    545:                     ppmass++;
    546:                     if (ppcount > 7) cout << i << " " << j << pp[i][j] << " " << ppcount << '\n';
=>  547:                     ppximpulse += xspeed[ppcount];
    548:                     ppyimpulse += yspeed[ppcount];
    549:                 }

# 9 0x00007FF6A9BC85D7 in D:\My files\Проект\Final project\x64\Debug\Final project.exe: main() at D:\My files\Проект\Final project\Final project.cpp (689):

    687:         //Drawing(xsize, ysize, xk, yk, cell, r, p, lines, masscnt, msum);
    688:         Move(xk, yk, p, pp);
=>  689:         Collision(xk, yk, p, pp, xspeed, yspeed, abscollision);
    690:         Rebound(xk, yk, p, pp,  borders, k);
    691:         if (borders) Stuck(xk, yk, p, pp);

--------------------------------------------------
Developed with:

The Dumb Artist Library (TX Library)
TXLib [Ver: 00173a, Rev: 171, Date: 2021-10-03 23:49:44 +0400]
Copyright (C) Ded (Ilya Dedinsky, http://txlib.ru) <mail@txlib.ru>
See license on: http://txlib.ru

TXLib file:	C:\Program Files\Microsoft Visual Studio\2022\Community\VC\Tools\MSVC\14.40.33807\include\TXLib.h
Compiled:	Jan 14 2025 20:52:26, MSVS 1940, std=199711L, MSVC Runtime, 64-bit, DEBUG
Started:	Jan 14 2025 20:52:28

Run file:	D:\My files\Проект\Final project\x64\Debug\Final project.exe
Directory:	D:\My files\Проект\Final project

--------------------------------------------------
C:\Program Files\Microsoft Visual Studio\2022\Community\VC\Tools\MSVC\14.40.33807\include\vector(1890) : Assertion failed: vector subscript out of range

--------------------------------------------------
TXLib соболезнует...

Программа: D:\My files\Проект\Final project\x64\Debug\Final project.exe,

ВНЕЗАПНО: signal (22, 0x3D): SIGABRT: Аварийное завершение программы, вызвана функция abort(). 

С помощью функции signal() вы можете сами обработать эту ошибку.

#2: TXLib [Ver: 00173a, Rev: 171, Date: 2021-10-03 23:49:44 +0400], Instance: 0x00007FF665CF77C8 (64-bit), Flags: Cmdre0, Thread: 0x37F4 (Main). 

--------------------------------------------------
Стек вызовов:

# 0 0x00007FF665C9A66D in D:\My files\Проект\Final project\x64\Debug\Final project.exe: `anonymous namespace'::TX::_txError() at C:\Program Files\Microsoft Visual Studio\2022\Community\VC\Tools\MSVC\14.40.33807\include\TXLib.h (10946)
# 1 0x00007FF665CA761C in D:\My files\Проект\Final project\x64\Debug\Final project.exe: `anonymous namespace'::TX::_txOnSignal() at C:\Program Files\Microsoft Visual Studio\2022\Community\VC\Tools\MSVC\14.40.33807\include\TXLib.h (11027)
# 2 0x00007FFCC61F90ED in C:\Windows\SYSTEM32\ucrtbased.dll: raise()
# 3 0x00007FFCC61F40BF in C:\Windows\SYSTEM32\ucrtbased.dll: setmbcp()
# 4 0x00007FFCC61F56D3 in C:\Windows\SYSTEM32\ucrtbased.dll: CrtSetReportHookW2()
# 5 0x00007FFCC61F65A9 in C:\Windows\SYSTEM32\ucrtbased.dll: VCrtDbgReportA()
# 6 0x00007FFCC61F5590 in C:\Windows\SYSTEM32\ucrtbased.dll: CrtDbgReport()

# 7 0x00007FF665C70A05 in D:\My files\Проект\Final project\x64\Debug\Final project.exe: std::vector<int,std::allocator<int> >::operator[]() at C:\Program Files\Microsoft Visual Studio\2022\Community\VC\Tools\MSVC\14.40.33807\include\vector (1889):

   1887:         auto& _My_data = _Mypair._Myval2;
   1888: #if _CONTAINER_DEBUG_LEVEL > 0
=> 1889:         _STL_VERIFY(
   1890:             _Pos < static_cast<size_type>(_My_data._Mylast - _My_data._Myfirst), "vector subscript out of range");
   1891: #endif // _CONTAINER_DEBUG_LEVEL > 0

# 8 0x00007FF665C7126F in D:\My files\Проект\Final project\x64\Debug\Final project.exe: Collision() at D:\My files\Проект\Final project\Final project.cpp (547):

    545:                     ppmass++;
    546:                     if (ppcount > 7) cout << i << " " << j << " " << pp[i][j] << " " << ppcount << '\n';
=>  547:                     ppximpulse += xspeed[ppcount];
    548:                     ppyimpulse += yspeed[ppcount];
    549:                 }

# 9 0x00007FF665CC85D7 in D:\My files\Проект\Final project\x64\Debug\Final project.exe: main() at D:\My files\Проект\Final project\Final project.cpp (689):

    687:         //Drawing(xsize, ysize, xk, yk, cell, r, p, lines, masscnt, msum);
    688:         Move(xk, yk, p, pp);
=>  689:         Collision(xk, yk, p, pp, xspeed, yspeed, abscollision);
    690:         Rebound(xk, yk, p, pp,  borders, k);
    691:         if (borders) Stuck(xk, yk, p, pp);

--------------------------------------------------
Developed with:

The Dumb Artist Library (TX Library)
TXLib [Ver: 00173a, Rev: 171, Date: 2021-10-03 23:49:44 +0400]
Copyright (C) Ded (Ilya Dedinsky, http://txlib.ru) <mail@txlib.ru>
See license on: http://txlib.ru

TXLib file:	C:\Program Files\Microsoft Visual Studio\2022\Community\VC\Tools\MSVC\14.40.33807\include\TXLib.h
Compiled:	Jan 14 2025 20:52:37, MSVS 1940, std=199711L, MSVC Runtime, 64-bit, DEBUG
Started:	Jan 14 2025 20:52:38

Run file:	D:\My files\Проект\Final project\x64\Debug\Final project.exe
Directory:	D:\My files\Проект\Final project

--------------------------------------------------
C:\Program Files\Microsoft Visual Studio\2022\Community\VC\Tools\MSVC\14.40.33807\include\vector(1890) : Assertion failed: vector subscript out of range

--------------------------------------------------
TXLib соболезнует...

Программа: D:\My files\Проект\Final project\x64\Debug\Final project.exe,

ВНЕЗАПНО: signal (22, 0x09): SIGABRT: Аварийное завершение программы, вызвана функция abort(). 

С помощью функции signal() вы можете сами обработать эту ошибку.

#2: TXLib [Ver: 00173a, Rev: 171, Date: 2021-10-03 23:49:44 +0400], Instance: 0x00007FF665CF77C8 (64-bit), Flags: Cmdre0, Thread: 0x3F64 (Main). 

--------------------------------------------------
Стек вызовов:

# 0 0x00007FF665C9A66D in D:\My files\Проект\Final project\x64\Debug\Final project.exe: `anonymous namespace'::TX::_txError() at C:\Program Files\Microsoft Visual Studio\2022\Community\VC\Tools\MSVC\14.40.33807\include\TXLib.h (10946)
# 1 0x00007FF665CA761C in D:\My files\Проект\Final project\x64\Debug\Final project.exe: `anonymous namespace'::TX::_txOnSignal() at C:\Program Files\Microsoft Visual Studio\2022\Community\VC\Tools\MSVC\14.40.33807\include\TXLib.h (11027)
# 2 0x00007FFCC61F90ED in C:\Windows\SYSTEM32\ucrtbased.dll: raise()
# 3 0x00007FFCC61F40BF in C:\Windows\SYSTEM32\ucrtbased.dll: setmbcp()
# 4 0x00007FFCC61F56D3 in C:\Windows\SYSTEM32\ucrtbased.dll: CrtSetReportHookW2()
# 5 0x00007FFCC61F65A9 in C:\Windows\SYSTEM32\ucrtbased.dll: VCrtDbgReportA()
# 6 0x00007FFCC61F5590 in C:\Windows\SYSTEM32\ucrtbased.dll: CrtDbgReport()

# 7 0x00007FF665C70A05 in D:\My files\Проект\Final project\x64\Debug\Final project.exe: std::vector<int,std::allocator<int> >::operator[]() at C:\Program Files\Microsoft Visual Studio\2022\Community\VC\Tools\MSVC\14.40.33807\include\vector (1889):

   1887:         auto& _My_data = _Mypair._Myval2;
   1888: #if _CONTAINER_DEBUG_LEVEL > 0
=> 1889:         _STL_VERIFY(
   1890:             _Pos < static_cast<size_type>(_My_data._Mylast - _My_data._Myfirst), "vector subscript out of range");
   1891: #endif // _CONTAINER_DEBUG_LEVEL > 0

# 8 0x00007FF665C7126F in D:\My files\Проект\Final project\x64\Debug\Final project.exe: Collision() at D:\My files\Проект\Final project\Final project.cpp (547):

    545:                     ppmass++;
    546:                     if (ppcount > 7) cout << i << " " << j << " " << pp[i][j] << " " << ppcount << '\n';
=>  547:                     ppximpulse += xspeed[ppcount];
    548:                     ppyimpulse += yspeed[ppcount];
    549:                 }

# 9 0x00007FF665CC85D7 in D:\My files\Проект\Final project\x64\Debug\Final project.exe: main() at D:\My files\Проект\Final project\Final project.cpp (689):

    687:         //Drawing(xsize, ysize, xk, yk, cell, r, p, lines, masscnt, msum);
    688:         Move(xk, yk, p, pp);
=>  689:         Collision(xk, yk, p, pp, xspeed, yspeed, abscollision);
    690:         Rebound(xk, yk, p, pp,  borders, k);
    691:         if (borders) Stuck(xk, yk, p, pp);

--------------------------------------------------
Developed with:

The Dumb Artist Library (TX Library)
TXLib [Ver: 00173a, Rev: 171, Date: 2021-10-03 23:49:44 +0400]
Copyright (C) Ded (Ilya Dedinsky, http://txlib.ru) <mail@txlib.ru>
See license on: http://txlib.ru

TXLib file:	C:\Program Files\Microsoft Visual Studio\2022\Community\VC\Tools\MSVC\14.40.33807\include\TXLib.h
Compiled:	Jan 14 2025 20:52:37, MSVS 1940, std=199711L, MSVC Runtime, 64-bit, DEBUG
Started:	Jan 14 2025 20:53:32

Run file:	D:\My files\Проект\Final project\x64\Debug\Final project.exe
Directory:	D:\My files\Проект\Final project

--------------------------------------------------

--------------------------------------------------
TXLib предупреждает:

Программа: D:\My files\Проект\Final project\x64\Debug\Final project.exe,

ВНЕЗАПНО: Целочисленное деление на ноль.

#1: Исключение EXCEPTION_INT_DIVIDE_BY_ZERO (0xC0000094) при выполнении кода по адресу 0x00007FF62FC79863 в функции main() в файле D:\My files\Проект\Final project\Final project.cpp на строке 700 в модуле D:\My files\Проект\Final project\x64\Debug\Final project.exe. Спасибо _txVectoredExceptionHandler(), что сообщил. Люблю его <3

#1: TXLib [Ver: 00173a, Rev: 171, Date: 2021-10-03 23:49:44 +0400], Instance: 0x00007FF62FCAFA98 (64-bit), Flags: Cmdre0, Thread: 0x16B0 (Main), GetLastError(): 2 (Не удается найти указанный файл), errno: 2 (No such file or directory), _doserrno: 2 (No such file or directory). 

--------------------------------------------------
Стек вызовов:

# 0 0x00007FF62FC79863 in D:\My files\Проект\Final project\x64\Debug\Final project.exe: main() at D:\My files\Проект\Final project\Final project.cpp (700):

    698: 
    699:     int
=>  700:     xk = xsize / cell,
    701:     yk = ysize / cell,
    702:     msum = 0, k = 0;

--------------------------------------------------
Developed with:

The Dumb Artist Library (TX Library)
TXLib [Ver: 00173a, Rev: 171, Date: 2021-10-03 23:49:44 +0400]
Copyright (C) Ded (Ilya Dedinsky, http://txlib.ru) <mail@txlib.ru>
See license on: http://txlib.ru

TXLib file:	D:\My files\Проект\Final project\TXLib.h
Compiled:	Jan 14 2025 22:22:23, MSVS 1940, std=199711L, MSVC Runtime, 64-bit, DEBUG
Started:	Jan 14 2025 22:22:45

Run file:	D:\My files\Проект\Final project\x64\Debug\Final project.exe
Directory:	D:\My files\Проект\Final project\x64\Debug

--------------------------------------------------

--------------------------------------------------
TXLib соболезнует...

Программа: D:\My files\Проект\Final project\x64\Debug\Final project.exe,

ВНЕЗАПНО: Целочисленное деление на ноль.

#1: Исключение EXCEPTION_INT_DIVIDE_BY_ZERO (0xC0000094) при выполнении кода по адресу 0x00007FF62FC79863 в функции main() в файле D:\My files\Проект\Final project\Final project.cpp на строке 700 в модуле D:\My files\Проект\Final project\x64\Debug\Final project.exe. Спасибо _txVectoredExceptionHandler(), что сообщил. Люблю его <3

С помощью функции _set_se_translator() вы можете сами обработать эту ошибку.

#2: TXLib [Ver: 00173a, Rev: 171, Date: 2021-10-03 23:49:44 +0400], Instance: 0x00007FF62FCAFA98 (64-bit), Flags: Cmdre0, Thread: 0x16B0 (Main), GetLastError(): 2 (Не удается найти указанный файл), errno: 2 (No such file or directory), _doserrno: 2 (No such file or directory). 

--------------------------------------------------
Стек вызовов:

# 0 0x00007FF62FC79863 in D:\My files\Проект\Final project\x64\Debug\Final project.exe: main() at D:\My files\Проект\Final project\Final project.cpp (700):

    698: 
    699:     int
=>  700:     xk = xsize / cell,
    701:     yk = ysize / cell,
    702:     msum = 0, k = 0;

--------------------------------------------------
Developed with:

The Dumb Artist Library (TX Library)
TXLib [Ver: 00173a, Rev: 171, Date: 2021-10-03 23:49:44 +0400]
Copyright (C) Ded (Ilya Dedinsky, http://txlib.ru) <mail@txlib.ru>
See license on: http://txlib.ru

TXLib file:	D:\My files\Проект\Final project\TXLib.h
Compiled:	Jan 14 2025 22:22:23, MSVS 1940, std=199711L, MSVC Runtime, 64-bit, DEBUG
Started:	Jan 14 2025 22:22:45

Run file:	D:\My files\Проект\Final project\x64\Debug\Final project.exe
Directory:	D:\My files\Проект\Final project\x64\Debug

--------------------------------------------------

--------------------------------------------------
TXLib соболезнует...

Программа: D:\My files\Проект\Final project\x64\Debug\Final project.exe, файл: D:\My files\Проект\Final project\TXLib.h, строка: 13209, функция: struct HBRUSH__ *__cdecl `anonymous-namespace'::TX::txSetFillColor(unsigned long,struct HDC__ *),

Сообщение: Окно рисования не создано или не в порядке.

#1: TXLib [Ver: 00173a, Rev: 171, Date: 2021-10-03 23:49:44 +0400], Instance: 0x00007FF6950C59F8 (64-bit), Flags: Cmdre0, Thread: 0x47A4 (Main), GetLastError(): 13 (Недопустимые данные). 

--------------------------------------------------
Стек вызовов:

# 0 0x00007FF695061B1D in D:\My files\Проект\Final project\x64\Debug\Final project.exe: `anonymous namespace'::TX::_txError() at D:\My files\Проект\Final project\TXLib.h (10946)
# 1 0x00007FF69508CA09 in D:\My files\Проект\Final project\x64\Debug\Final project.exe: `anonymous namespace'::TX::txSetFillColor() at D:\My files\Проект\Final project\TXLib.h (13209)

# 2 0x00007FF6950389E7 in D:\My files\Проект\Final project\x64\Debug\Final project.exe: Drawing() at D:\My files\Проект\Final project\Final project.cpp (172):

    170: void Drawing(int xsize, int ysize, int xk, int yk, int cell, int r, vector<vector<int>>& p, bool lines, bool masscnt, int msum) {
    171:     char variable[10];
=>  172:     txSetFillColour(RGB(255, 255, 255));
    173:     txClear();
    174:     txSetFillColor(RGB(0, 0, 0));

# 3 0x00007FF6950922B6 in D:\My files\Проект\Final project\x64\Debug\Final project.exe: main() at D:\My files\Проект\Final project\Final project.cpp (715):

    713:     while (!_kbhit()) {
    714:         MassCount(msum, xk, yk, p);
=>  715:         Drawing(xsize, ysize, xk, yk, cell, r, p, lines, masscnt, msum);
    716:         Move(xk, yk, p, pp);
    717:         Collision(xk, yk, p, pp, xspeed, yspeed, abscollision);

--------------------------------------------------
Стек вызовов TX:

# 0 in struct HBRUSH__ *__cdecl `anonymous-namespace'::TX::txSetFillColor(unsigned long,struct HDC__ *) at D:\My files\Проект\Final project\TXLib.h (13209):

  13207: HBRUSH txSetFillColor (COLORREF color, HDC dc /*= txDC()*/)
  13208:     {
=>13209: $1  if (_TX_DEFAULT_HDC_FAILED (dc)) return NULL;
  13210: 
  13211: $   HBRUSH brush = (color == TX_TRANSPARENT)? (HBRUSH) Win32::GetStockObject (HOLLOW_BRUSH) : Win32::CreateSolidBrush (color);

# 1 in (null) at D:\My files\Проект\Final project\Final project.cpp (172):

    170: void Drawing(int xsize, int ysize, int xk, int yk, int cell, int r, vector<vector<int>>& p, bool lines, bool masscnt, int msum) {
    171:     char variable[10];
=>  172:     txSetFillColour(RGB(255, 255, 255));
    173:     txClear();
    174:     txSetFillColor(RGB(0, 0, 0));

--------------------------------------------------
Developed with:

The Dumb Artist Library (TX Library)
TXLib [Ver: 00173a, Rev: 171, Date: 2021-10-03 23:49:44 +0400]
Copyright (C) Ded (Ilya Dedinsky, http://txlib.ru) <mail@txlib.ru>
See license on: http://txlib.ru

TXLib file:	D:\My files\Проект\Final project\TXLib.h
Compiled:	Jan 14 2025 22:23:33, MSVS 1940, std=199711L, MSVC Runtime, 64-bit, DEBUG
Started:	Jan 14 2025 22:23:34

Run file:	D:\My files\Проект\Final project\x64\Debug\Final project.exe
Directory:	D:\My files\Проект\Final project

--------------------------------------------------

--------------------------------------------------
TXLib предупреждает:

Программа: D:\My files\Проект\Final project\x64\Debug\Final project.exe,

ВНЕЗАПНО: Целочисленное деление на ноль.

#1: Исключение EXCEPTION_INT_DIVIDE_BY_ZERO (0xC0000094) при выполнении кода по адресу 0x00007FF661DD9863 в функции main() в файле D:\My files\Проект\Final project\Final project.cpp на строке 700 в модуле D:\My files\Проект\Final project\x64\Debug\Final project.exe. Спасибо _txVectoredExceptionHandler(), что сообщил. Люблю его <3

#1: TXLib [Ver: 00173a, Rev: 171, Date: 2021-10-03 23:49:44 +0400], Instance: 0x00007FF661E0FA98 (64-bit), Flags: Cmdre0, Thread: 0x388C (Main), GetLastError(): 2 (Не удается найти указанный файл), errno: 2 (No such file or directory), _doserrno: 2 (No such file or directory). 

--------------------------------------------------
Стек вызовов:

# 0 0x00007FF661DD9863 in D:\My files\Проект\Final project\x64\Debug\Final project.exe: main() at D:\My files\Проект\Final project\Final project.cpp (700):

    698: 
    699:     int
=>  700:     xk = xsize / cell,
    701:     yk = ysize / cell,
    702:     msum = 0, k = 0;

--------------------------------------------------
Developed with:

The Dumb Artist Library (TX Library)
TXLib [Ver: 00173a, Rev: 171, Date: 2021-10-03 23:49:44 +0400]
Copyright (C) Ded (Ilya Dedinsky, http://txlib.ru) <mail@txlib.ru>
See license on: http://txlib.ru

TXLib file:	D:\My files\Проект\Final project\TXLib.h
Compiled:	Jan 14 2025 22:24:08, MSVS 1940, std=199711L, MSVC Runtime, 64-bit, DEBUG
Started:	Jan 14 2025 22:24:53

Run file:	D:\My files\Проект\Final project\x64\Debug\Final project.exe
Directory:	D:\My files\Проект\Final project\x64\Debug

--------------------------------------------------

--------------------------------------------------
TXLib соболезнует...

Программа: D:\My files\Проект\Final project\x64\Debug\Final project.exe,

ВНЕЗАПНО: Целочисленное деление на ноль.

#1: Исключение EXCEPTION_INT_DIVIDE_BY_ZERO (0xC0000094) при выполнении кода по адресу 0x00007FF661DD9863 в функции main() в файле D:\My files\Проект\Final project\Final project.cpp на строке 700 в модуле D:\My files\Проект\Final project\x64\Debug\Final project.exe. Спасибо _txVectoredExceptionHandler(), что сообщил. Люблю его <3

С помощью функции _set_se_translator() вы можете сами обработать эту ошибку.

#2: TXLib [Ver: 00173a, Rev: 171, Date: 2021-10-03 23:49:44 +0400], Instance: 0x00007FF661E0FA98 (64-bit), Flags: Cmdre0, Thread: 0x388C (Main), GetLastError(): 2 (Не удается найти указанный файл), errno: 2 (No such file or directory), _doserrno: 2 (No such file or directory). 

--------------------------------------------------
Стек вызовов:

# 0 0x00007FF661DD9863 in D:\My files\Проект\Final project\x64\Debug\Final project.exe: main() at D:\My files\Проект\Final project\Final project.cpp (700):

    698: 
    699:     int
=>  700:     xk = xsize / cell,
    701:     yk = ysize / cell,
    702:     msum = 0, k = 0;

--------------------------------------------------
Developed with:

The Dumb Artist Library (TX Library)
TXLib [Ver: 00173a, Rev: 171, Date: 2021-10-03 23:49:44 +0400]
Copyright (C) Ded (Ilya Dedinsky, http://txlib.ru) <mail@txlib.ru>
See license on: http://txlib.ru

TXLib file:	D:\My files\Проект\Final project\TXLib.h
Compiled:	Jan 14 2025 22:24:08, MSVS 1940, std=199711L, MSVC Runtime, 64-bit, DEBUG
Started:	Jan 14 2025 22:24:53

Run file:	D:\My files\Проект\Final project\x64\Debug\Final project.exe
Directory:	D:\My files\Проект\Final project\x64\Debug

--------------------------------------------------
C:\Program Files\Microsoft Visual Studio\2022\Community\VC\Tools\MSVC\14.40.33807\include\vector(1890) : Assertion failed: vector subscript out of range

--------------------------------------------------
TXLib соболезнует...

Программа: D:\My files\Проект\Final project\x64\Debug\Final project.exe,

ВНЕЗАПНО: signal (22, 0x3C): SIGABRT: Аварийное завершение программы, вызвана функция abort(). 

С помощью функции signal() вы можете сами обработать эту ошибку.

#2: TXLib [Ver: 00173a, Rev: 171, Date: 2021-10-03 23:49:44 +0400], Instance: 0x00007FF6131CFA98 (64-bit), Flags: Cmdre0, Thread: 0x2534 (Main). 

--------------------------------------------------
Стек вызовов:

# 0 0x00007FF613165BAD in D:\My files\Проект\Final project\x64\Debug\Final project.exe: `anonymous namespace'::TX::_txError() at D:\My files\Проект\Final project\TXLib.h (10946)
# 1 0x00007FF613172B5C in D:\My files\Проект\Final project\x64\Debug\Final project.exe: `anonymous namespace'::TX::_txOnSignal() at D:\My files\Проект\Final project\TXLib.h (11027)
# 2 0x00007FFD542890ED in C:\Windows\SYSTEM32\ucrtbased.dll: raise()
# 3 0x00007FFD542840BF in C:\Windows\SYSTEM32\ucrtbased.dll: setmbcp()
# 4 0x00007FFD542856D3 in C:\Windows\SYSTEM32\ucrtbased.dll: CrtSetReportHookW2()
# 5 0x00007FFD542865A9 in C:\Windows\SYSTEM32\ucrtbased.dll: VCrtDbgReportA()
# 6 0x00007FFD54285590 in C:\Windows\SYSTEM32\ucrtbased.dll: CrtDbgReport()

# 7 0x00007FF61312E385 in D:\My files\Проект\Final project\x64\Debug\Final project.exe: std::vector<int,std::allocator<int> >::operator[]() at C:\Program Files\Microsoft Visual Studio\2022\Community\VC\Tools\MSVC\14.40.33807\include\vector (1889):

   1887:         auto& _My_data = _Mypair._Myval2;
   1888: #if _CONTAINER_DEBUG_LEVEL > 0
=> 1889:         _STL_VERIFY(
   1890:             _Pos < static_cast<size_type>(_My_data._Mylast - _My_data._Myfirst), "vector subscript out of range");
   1891: #endif // _CONTAINER_DEBUG_LEVEL > 0

# 8 0x00007FF61313150C in D:\My files\Проект\Final project\x64\Debug\Final project.exe: Initialization() at D:\My files\Проект\Final project\Final project.cpp (41):

     39:             for (int j = 1; j <= xk + 2; j++)
     40:             {
=>   41:                 pp[i + 1][j] |= (1 << 8);
     42:                 if (j <= xk - 76)
     43:                 {

# 9 0x00007FF6131998CD in D:\My files\Проект\Final project\x64\Debug\Final project.exe: main() at D:\My files\Проект\Final project\Final project.cpp (748):

    746:     float r = cell / 2.0;
    747: 
=>  748:     Initialization(xk, yk, p, pp, situation, procent);
    749:     Rebound(xk, yk, p, pp, borders, k);
    750:     Change(xk, yk, p, pp);

--------------------------------------------------
Developed with:

The Dumb Artist Library (TX Library)
TXLib [Ver: 00173a, Rev: 171, Date: 2021-10-03 23:49:44 +0400]
Copyright (C) Ded (Ilya Dedinsky, http://txlib.ru) <mail@txlib.ru>
See license on: http://txlib.ru

TXLib file:	D:\My files\Проект\Final project\TXLib.h
Compiled:	Jan 15 2025 00:39:33, MSVS 1940, std=199711L, MSVC Runtime, 64-bit, DEBUG
Started:	Jan 15 2025 00:39:35

Run file:	D:\My files\Проект\Final project\x64\Debug\Final project.exe
Directory:	D:\My files\Проект\Final project

--------------------------------------------------
C:\Program Files\Microsoft Visual Studio\2022\Community\VC\Tools\MSVC\14.40.33807\include\vector(1890) : Assertion failed: vector subscript out of range

--------------------------------------------------
TXLib соболезнует...

Программа: D:\My files\Проект\Final project\x64\Debug\Final project.exe,

ВНЕЗАПНО: signal (22, 0x1B): SIGABRT: Аварийное завершение программы, вызвана функция abort(). 

С помощью функции signal() вы можете сами обработать эту ошибку.

#2: TXLib [Ver: 00173a, Rev: 171, Date: 2021-10-03 23:49:44 +0400], Instance: 0x00007FF7D519FA98 (64-bit), Flags: Cmdre0, Thread: 0x3654 (Main). 

--------------------------------------------------
Стек вызовов:

# 0 0x00007FF7D5135D0D in D:\My files\Проект\Final project\x64\Debug\Final project.exe: `anonymous namespace'::TX::_txError() at D:\My files\Проект\Final project\TXLib.h (10946)
# 1 0x00007FF7D5142CBC in D:\My files\Проект\Final project\x64\Debug\Final project.exe: `anonymous namespace'::TX::_txOnSignal() at D:\My files\Проект\Final project\TXLib.h (11027)
# 2 0x00007FFD40F690ED in C:\Windows\SYSTEM32\ucrtbased.dll: raise()
# 3 0x00007FFD40F640BF in C:\Windows\SYSTEM32\ucrtbased.dll: setmbcp()
# 4 0x00007FFD40F656D3 in C:\Windows\SYSTEM32\ucrtbased.dll: CrtSetReportHookW2()
# 5 0x00007FFD40F665A9 in C:\Windows\SYSTEM32\ucrtbased.dll: VCrtDbgReportA()
# 6 0x00007FFD40F65590 in C:\Windows\SYSTEM32\ucrtbased.dll: CrtDbgReport()

# 7 0x00007FF7D50FE385 in D:\My files\Проект\Final project\x64\Debug\Final project.exe: std::vector<int,std::allocator<int> >::operator[]() at C:\Program Files\Microsoft Visual Studio\2022\Community\VC\Tools\MSVC\14.40.33807\include\vector (1889):

   1887:         auto& _My_data = _Mypair._Myval2;
   1888: #if _CONTAINER_DEBUG_LEVEL > 0
=> 1889:         _STL_VERIFY(
   1890:             _Pos < static_cast<size_type>(_My_data._Mylast - _My_data._Myfirst), "vector subscript out of range");
   1891: #endif // _CONTAINER_DEBUG_LEVEL > 0

# 8 0x00007FF7D5101621 in D:\My files\Проект\Final project\x64\Debug\Final project.exe: Initialization() at D:\My files\Проект\Final project\Final project.cpp (52):

     50:             for (int i = 50; i <= yk; i++)
     51:             {
=>   52:                 pp[i][xk + 175] |= (1 << 8);
     53:                 if (i >= 121)
     54:                 {

# 9 0x00007FF7D5169A2D in D:\My files\Проект\Final project\x64\Debug\Final project.exe: main() at D:\My files\Проект\Final project\Final project.cpp (748):

    746:     float r = cell / 2.0;
    747: 
=>  748:     Initialization(xk, yk, p, pp, situation, procent);
    749:     Rebound(xk, yk, p, pp, borders, k);
    750:     Change(xk, yk, p, pp);

--------------------------------------------------
Developed with:

The Dumb Artist Library (TX Library)
TXLib [Ver: 00173a, Rev: 171, Date: 2021-10-03 23:49:44 +0400]
Copyright (C) Ded (Ilya Dedinsky, http://txlib.ru) <mail@txlib.ru>
See license on: http://txlib.ru

TXLib file:	D:\My files\Проект\Final project\TXLib.h
Compiled:	Jan 15 2025 00:43:37, MSVS 1940, std=199711L, MSVC Runtime, 64-bit, DEBUG
Started:	Jan 15 2025 00:43:40

Run file:	D:\My files\Проект\Final project\x64\Debug\Final project.exe
Directory:	D:\My files\Проект\Final project

--------------------------------------------------
C:\Program Files\Microsoft Visual Studio\2022\Community\VC\Tools\MSVC\14.40.33807\include\vector(1890) : Assertion failed: vector subscript out of range

--------------------------------------------------
TXLib соболезнует...

Программа: D:\My files\Проект\Final project\x64\Debug\Final project.exe,

ВНЕЗАПНО: signal (22, 0x21): SIGABRT: Аварийное завершение программы, вызвана функция abort(). 

С помощью функции signal() вы можете сами обработать эту ошибку.

#2: TXLib [Ver: 00173a, Rev: 171, Date: 2021-10-03 23:49:44 +0400], Instance: 0x00007FF75945FA98 (64-bit), Flags: Cmdre0, Thread: 0x3C7C (Main). 

--------------------------------------------------
Стек вызовов:

# 0 0x00007FF7593F5D0D in D:\My files\Проект\Final project\x64\Debug\Final project.exe: `anonymous namespace'::TX::_txError() at D:\My files\Проект\Final project\TXLib.h (10946)
# 1 0x00007FF759402CBC in D:\My files\Проект\Final project\x64\Debug\Final project.exe: `anonymous namespace'::TX::_txOnSignal() at D:\My files\Проект\Final project\TXLib.h (11027)
# 2 0x00007FFD40F690ED in C:\Windows\SYSTEM32\ucrtbased.dll: raise()
# 3 0x00007FFD40F640BF in C:\Windows\SYSTEM32\ucrtbased.dll: setmbcp()
# 4 0x00007FFD40F656D3 in C:\Windows\SYSTEM32\ucrtbased.dll: CrtSetReportHookW2()
# 5 0x00007FFD40F665A9 in C:\Windows\SYSTEM32\ucrtbased.dll: VCrtDbgReportA()
# 6 0x00007FFD40F65590 in C:\Windows\SYSTEM32\ucrtbased.dll: CrtDbgReport()

# 7 0x00007FF7593BE4A5 in D:\My files\Проект\Final project\x64\Debug\Final project.exe: std::vector<std::vector<int,std::allocator<int> >,std::allocator<std::vector<int,std::allocator<int> > > >::operator[]() at C:\Program Files\Microsoft Visual Studio\2022\Community\VC\Tools\MSVC\14.40.33807\include\vector (1889):

   1887:         auto& _My_data = _Mypair._Myval2;
   1888: #if _CONTAINER_DEBUG_LEVEL > 0
=> 1889:         _STL_VERIFY(
   1890:             _Pos < static_cast<size_type>(_My_data._Mylast - _My_data._Myfirst), "vector subscript out of range");
   1891: #endif // _CONTAINER_DEBUG_LEVEL > 0

# 8 0x00007FF7593C1614 in D:\My files\Проект\Final project\x64\Debug\Final project.exe: Initialization() at D:\My files\Проект\Final project\Final project.cpp (52):

     50:             for (int i = 50; i <= yk; i++)
     51:             {
=>   52:                 pp[i + 7][j + 176] |= (1 << 8);
     53:                 if (i >= 121)
     54:                 {

# 9 0x00007FF759429A2D in D:\My files\Проект\Final project\x64\Debug\Final project.exe: main() at D:\My files\Проект\Final project\Final project.cpp (748):

    746:     float r = cell / 2.0;
    747: 
=>  748:     Initialization(xk, yk, p, pp, situation, procent);
    749:     Rebound(xk, yk, p, pp, borders, k);
    750:     Change(xk, yk, p, pp);

--------------------------------------------------
Developed with:

The Dumb Artist Library (TX Library)
TXLib [Ver: 00173a, Rev: 171, Date: 2021-10-03 23:49:44 +0400]
Copyright (C) Ded (Ilya Dedinsky, http://txlib.ru) <mail@txlib.ru>
See license on: http://txlib.ru

TXLib file:	D:\My files\Проект\Final project\TXLib.h
Compiled:	Jan 15 2025 00:44:34, MSVS 1940, std=199711L, MSVC Runtime, 64-bit, DEBUG
Started:	Jan 15 2025 00:44:37

Run file:	D:\My files\Проект\Final project\x64\Debug\Final project.exe
Directory:	D:\My files\Проект\Final project

--------------------------------------------------
C:\Program Files\Microsoft Visual Studio\2022\Community\VC\Tools\MSVC\14.40.33807\include\vector(1890) : Assertion failed: vector subscript out of range

--------------------------------------------------
TXLib соболезнует...

Программа: D:\My files\Проект\Final project\x64\Debug\Final project.exe,

ВНЕЗАПНО: signal (22, 0x26): SIGABRT: Аварийное завершение программы, вызвана функция abort(). 

С помощью функции signal() вы можете сами обработать эту ошибку.

#2: TXLib [Ver: 00173a, Rev: 171, Date: 2021-10-03 23:49:44 +0400], Instance: 0x00007FF7DE251A98 (64-bit), Flags: Cmdre0, Thread: 0x4220 (Main). 

--------------------------------------------------
Стек вызовов:

# 0 0x00007FF7DE1E771D in D:\My files\Проект\Final project\x64\Debug\Final project.exe: `anonymous namespace'::TX::_txError() at D:\My files\Проект\Final project\TXLib.h (10946)
# 1 0x00007FF7DE1F46CC in D:\My files\Проект\Final project\x64\Debug\Final project.exe: `anonymous namespace'::TX::_txOnSignal() at D:\My files\Проект\Final project\TXLib.h (11027)
# 2 0x00007FFD411090ED in C:\Windows\SYSTEM32\ucrtbased.dll: raise()
# 3 0x00007FFD411040BF in C:\Windows\SYSTEM32\ucrtbased.dll: setmbcp()
# 4 0x00007FFD411056D3 in C:\Windows\SYSTEM32\ucrtbased.dll: CrtSetReportHookW2()
# 5 0x00007FFD411065A9 in C:\Windows\SYSTEM32\ucrtbased.dll: VCrtDbgReportA()
# 6 0x00007FFD41105590 in C:\Windows\SYSTEM32\ucrtbased.dll: CrtDbgReport()

# 7 0x00007FF7DE1AF395 in D:\My files\Проект\Final project\x64\Debug\Final project.exe: std::vector<int,std::allocator<int> >::operator[]() at C:\Program Files\Microsoft Visual Studio\2022\Community\VC\Tools\MSVC\14.40.33807\include\vector (1889):

   1887:         auto& _My_data = _Mypair._Myval2;
   1888: #if _CONTAINER_DEBUG_LEVEL > 0
=> 1889:         _STL_VERIFY(
   1890:             _Pos < static_cast<size_type>(_My_data._Mylast - _My_data._Myfirst), "vector subscript out of range");
   1891: #endif // _CONTAINER_DEBUG_LEVEL > 0

# 8 0x00007FF7DE1B3B02 in D:\My files\Проект\Final project\x64\Debug\Final project.exe: Initialization() at D:\My files\Проект\Final project\Final project.cpp (222):

    220:         for (int i = 116; i <= 203; i++)
    221:         {
=>  222:             for (int j = xk - 4 - minus; j <= xk - minus; j++) pp[i][j] |= (1 << 8);
    223:             cnt++;
    224:             if (cnt == 5)

# 9 0x00007FF7DE21B482 in D:\My files\Проект\Final project\x64\Debug\Final project.exe: main() at D:\My files\Проект\Final project\Final project.cpp (797):

    795:     float r = cell / 2.0;
    796: 
=>  797:     Initialization(xk, yk, p, pp, situation, procent);
    798:     Rebound(xk, yk, p, pp, borders, k);
    799:     Change(xk, yk, p, pp);

--------------------------------------------------
Developed with:

The Dumb Artist Library (TX Library)
TXLib [Ver: 00173a, Rev: 171, Date: 2021-10-03 23:49:44 +0400]
Copyright (C) Ded (Ilya Dedinsky, http://txlib.ru) <mail@txlib.ru>
See license on: http://txlib.ru

TXLib file:	D:\My files\Проект\Final project\TXLib.h
Compiled:	Jan 15 2025 01:27:49, MSVS 1940, std=199711L, MSVC Runtime, 64-bit, DEBUG
Started:	Jan 15 2025 01:27:51

Run file:	D:\My files\Проект\Final project\x64\Debug\Final project.exe
Directory:	D:\My files\Проект\Final project

--------------------------------------------------
C:\Program Files\Microsoft Visual Studio\2022\Community\VC\Tools\MSVC\14.40.33807\include\vector(1890) : Assertion failed: vector subscript out of range

--------------------------------------------------
TXLib соболезнует...

Программа: D:\My files\Проект\Final project\x64\Debug\Final project.exe,

ВНЕЗАПНО: signal (22, 0x32): SIGABRT: Аварийное завершение программы, вызвана функция abort(). 

С помощью функции signal() вы можете сами обработать эту ошибку.

#2: TXLib [Ver: 00173a, Rev: 171, Date: 2021-10-03 23:49:44 +0400], Instance: 0x00007FF6A52B2A98 (64-bit), Flags: Cmdre0, Thread: 0x1FE8 (Main). 

--------------------------------------------------
Стек вызовов:

# 0 0x00007FF6A524906D in D:\My files\Проект\Final project\x64\Debug\Final project.exe: `anonymous namespace'::TX::_txError() at D:\My files\Проект\Final project\TXLib.h (10946)
# 1 0x00007FF6A525601C in D:\My files\Проект\Final project\x64\Debug\Final project.exe: `anonymous namespace'::TX::_txOnSignal() at D:\My files\Проект\Final project\TXLib.h (11027)
# 2 0x00007FFC0C2590ED in C:\Windows\SYSTEM32\ucrtbased.dll: raise()
# 3 0x00007FFC0C2540BF in C:\Windows\SYSTEM32\ucrtbased.dll: setmbcp()
# 4 0x00007FFC0C2556D3 in C:\Windows\SYSTEM32\ucrtbased.dll: CrtSetReportHookW2()
# 5 0x00007FFC0C2565A9 in C:\Windows\SYSTEM32\ucrtbased.dll: VCrtDbgReportA()
# 6 0x00007FFC0C255590 in C:\Windows\SYSTEM32\ucrtbased.dll: CrtDbgReport()

# 7 0x00007FF6A520F4B5 in D:\My files\Проект\Final project\x64\Debug\Final project.exe: std::vector<std::vector<int,std::allocator<int> >,std::allocator<std::vector<int,std::allocator<int> > > >::operator[]() at C:\Program Files\Microsoft Visual Studio\2022\Community\VC\Tools\MSVC\14.40.33807\include\vector (1889):

   1887:         auto& _My_data = _Mypair._Myval2;
   1888: #if _CONTAINER_DEBUG_LEVEL > 0
=> 1889:         _STL_VERIFY(
   1890:             _Pos < static_cast<size_type>(_My_data._Mylast - _My_data._Myfirst), "vector subscript out of range");
   1891: #endif // _CONTAINER_DEBUG_LEVEL > 0

# 8 0x00007FF6A5214EB5 in D:\My files\Проект\Final project\x64\Debug\Final project.exe: Initialization() at D:\My files\Проект\Final project\Final project.cpp (309):

    307:             {
    308:                 pp[i][j] |= (1 << 8);
=>  309:                 pp[yk - i + 2][j] |= (1 << 8);
    310:             }
    311:         }

# 9 0x00007FF6A527CD72 in D:\My files\Проект\Final project\x64\Debug\Final project.exe: main() at D:\My files\Проект\Final project\Final project.cpp (883):

    881:     float r = cell / 2.0;
    882: 
=>  883:     Initialization(xk, yk, p, pp, situation, procent);
    884:     Rebound(xk, yk, p, pp, borders, k);
    885:     Change(xk, yk, p, pp);

--------------------------------------------------
Developed with:

The Dumb Artist Library (TX Library)
TXLib [Ver: 00173a, Rev: 171, Date: 2021-10-03 23:49:44 +0400]
Copyright (C) Ded (Ilya Dedinsky, http://txlib.ru) <mail@txlib.ru>
See license on: http://txlib.ru

TXLib file:	D:\My files\Проект\Final project\TXLib.h
Compiled:	Jan 15 2025 22:46:01, MSVS 1940, std=199711L, MSVC Runtime, 64-bit, DEBUG
Started:	Jan 15 2025 22:46:03

Run file:	D:\My files\Проект\Final project\x64\Debug\Final project.exe
Directory:	D:\My files\Проект\Final project

--------------------------------------------------
